D:\javaProject\joyTyping\src\main\java\org\example\joytyping\joyTypingController.java
D:\javaProject\joyTyping\src\main\java\org\example\joytyping\SimulateKeyPress.java
D:\javaProject\joyTyping\src\main\java\org\example\joytyping\keyBoardInput.java
D:\javaProject\joyTyping\src\main\java\org\example\joytyping\test10.java
D:\javaProject\joyTyping\src\main\java\org\example\joytyping\test.java
D:\javaProject\joyTyping\src\main\java\org\example\joytyping\joyTypingApplication.java
D:\javaProject\joyTyping\src\main\java\org\example\joytyping\mouseInput.java
D:\javaProject\joyTyping\src\main\java\org\example\joytyping\listener.java
D:\javaProject\joyTyping\src\main\java\org\example\joytyping\test6.java
D:\javaProject\joyTyping\src\main\java\org\example\joytyping\MouseController.java
D:\javaProject\joyTyping\src\main\java\org\example\joytyping\test13.java
D:\javaProject\joyTyping\src\main\java\org\example\joytyping\test3.java
D:\javaProject\joyTyping\src\main\java\org\example\joytyping\SimulateKeyPress1.java
D:\javaProject\joyTyping\src\main\java\org\example\joytyping\test8.java
D:\javaProject\joyTyping\src\main\java\org\example\joytyping\test2.java
D:\javaProject\joyTyping\src\main\java\org\example\joytyping\test5.java
D:\javaProject\joyTyping\src\main\java\org\example\joytyping\test9.java
D:\javaProject\joyTyping\src\main\java\org\example\joytyping\banXYListener.java
D:\javaProject\joyTyping\src\main\java\org\example\joytyping\test11.java
D:\javaProject\joyTyping\src\main\java\org\example\joytyping\test12.java
D:\javaProject\joyTyping\src\main\java\org\example\joytyping\test4.java
D:\javaProject\joyTyping\src\main\java\org\example\joytyping\MouseCursorUtil.java
D:\javaProject\joyTyping\src\main\java\org\example\joytyping\test7.java
